(1:0)	comment	[]	"//abc"
(2:0)	comment	[]	"// abc// abs"
(3:0)	comment	[]	"///abc"
(4:0)	integer literal	[10]	"10"
(4:2)	comment	[]	"//abc"
(5:1)	integer literal	[20]	"20"
(5:3)	comment	[]	"// abc"
(6:1)	integer literal	[30]	"30"
(6:3)	operator	[SLASH]	"/"
(6:5)	operator	[SLASH]	"/"
(6:6)	integer literal	[40]	"40"
(6:8)	comment	[]	"//"
(6:10)	EOF	[]	" "
