(1:0)	float literal	[1.230000]	"1.23"
(2:0)	float literal	[123.000000]	"123."
(3:0)	float literal	[1000.000000]	"1e3"
(4:0)	float literal	[10000.000000]	"1e+4"
(5:0)	float literal	[0.000100]	"1e-4"
(6:0)	float literal	[100000.000000]	"1.e5"
(7:0)	float literal	[0.000012]	"1.2e-5"
(8:0)	float literal	[100000.000000]	"1.0e+5"
(9:0)	float literal	[0.001000]	"0.001"
(10:0)	float literal	[0.000000]	"10e-10"
(10:6)	EOF	[]	" "
