(1:0)	identifier	[]	"a"
(1:1)	operator	[MINUSAGN]	"-="
(1:3)	identifier	[]	"b"
(1:5)	integer literal	[10]	"10"
(1:7)	operator	[MINUSAGN]	"-="
(1:9)	integer literal	[20]	"20"
(1:12)	identifier	[]	"a"
(1:13)	operator	[MINUSAGN]	"-="
(1:15)	operator	[LPAREN]	"("
(1:16)	identifier	[]	"b"
(1:17)	operator	[RPAREN]	")"
(1:18)	EOF	[]	" "
